###############################################################################
#
# IAR ELF Linker V7.40.7.9843/W32 for ARM                 26/Mar/2016  18:01:24
# Copyright 2007-2015 IAR Systems AB.
#
#    Output file  =  
#        F:\qpc\examples\arm-cm\blinky_stm32f469i-disco\qv\EWARM\STM32469I_DISCO\Exe\Project.out
#    Map file     =  
#        F:\qpc\examples\arm-cm\blinky_stm32f469i-disco\qv\EWARM\STM32469I_DISCO\List\Project.map
#    Command line =  
#        F:\qpc\examples\arm-cm\blinky_stm32f469i-disco\qv\EWARM\STM32469I_DISCO\Obj\blinky.o
#        F:\qpc\examples\arm-cm\blinky_stm32f469i-disco\qv\EWARM\STM32469I_DISCO\Obj\bsp.o
#        F:\qpc\examples\arm-cm\blinky_stm32f469i-disco\qv\EWARM\STM32469I_DISCO\Obj\cs43l22.o
#        F:\qpc\examples\arm-cm\blinky_stm32f469i-disco\qv\EWARM\STM32469I_DISCO\Obj\ft6x06.o
#        F:\qpc\examples\arm-cm\blinky_stm32f469i-disco\qv\EWARM\STM32469I_DISCO\Obj\main.o
#        F:\qpc\examples\arm-cm\blinky_stm32f469i-disco\qv\EWARM\STM32469I_DISCO\Obj\otm8009a.o
#        F:\qpc\examples\arm-cm\blinky_stm32f469i-disco\qv\EWARM\STM32469I_DISCO\Obj\qep_hsm.o
#        F:\qpc\examples\arm-cm\blinky_stm32f469i-disco\qv\EWARM\STM32469I_DISCO\Obj\qep_msm.o
#        F:\qpc\examples\arm-cm\blinky_stm32f469i-disco\qv\EWARM\STM32469I_DISCO\Obj\qf_act.o
#        F:\qpc\examples\arm-cm\blinky_stm32f469i-disco\qv\EWARM\STM32469I_DISCO\Obj\qf_actq.o
#        F:\qpc\examples\arm-cm\blinky_stm32f469i-disco\qv\EWARM\STM32469I_DISCO\Obj\qf_defer.o
#        F:\qpc\examples\arm-cm\blinky_stm32f469i-disco\qv\EWARM\STM32469I_DISCO\Obj\qf_dyn.o
#        F:\qpc\examples\arm-cm\blinky_stm32f469i-disco\qv\EWARM\STM32469I_DISCO\Obj\qf_mem.o
#        F:\qpc\examples\arm-cm\blinky_stm32f469i-disco\qv\EWARM\STM32469I_DISCO\Obj\qf_ps.o
#        F:\qpc\examples\arm-cm\blinky_stm32f469i-disco\qv\EWARM\STM32469I_DISCO\Obj\qf_qact.o
#        F:\qpc\examples\arm-cm\blinky_stm32f469i-disco\qv\EWARM\STM32469I_DISCO\Obj\qf_qeq.o
#        F:\qpc\examples\arm-cm\blinky_stm32f469i-disco\qv\EWARM\STM32469I_DISCO\Obj\qf_qmact.o
#        F:\qpc\examples\arm-cm\blinky_stm32f469i-disco\qv\EWARM\STM32469I_DISCO\Obj\qf_time.o
#        F:\qpc\examples\arm-cm\blinky_stm32f469i-disco\qv\EWARM\STM32469I_DISCO\Obj\qv.o
#        F:\qpc\examples\arm-cm\blinky_stm32f469i-disco\qv\EWARM\STM32469I_DISCO\Obj\startup_stm32f469xx.o
#        F:\qpc\examples\arm-cm\blinky_stm32f469i-disco\qv\EWARM\STM32469I_DISCO\Obj\stm32469i_discovery.o
#        F:\qpc\examples\arm-cm\blinky_stm32f469i-disco\qv\EWARM\STM32469I_DISCO\Obj\stm32469i_discovery_audio.o
#        F:\qpc\examples\arm-cm\blinky_stm32f469i-disco\qv\EWARM\STM32469I_DISCO\Obj\stm32469i_discovery_eeprom.o
#        F:\qpc\examples\arm-cm\blinky_stm32f469i-disco\qv\EWARM\STM32469I_DISCO\Obj\stm32469i_discovery_lcd.o
#        F:\qpc\examples\arm-cm\blinky_stm32f469i-disco\qv\EWARM\STM32469I_DISCO\Obj\stm32469i_discovery_qspi.o
#        F:\qpc\examples\arm-cm\blinky_stm32f469i-disco\qv\EWARM\STM32469I_DISCO\Obj\stm32469i_discovery_sd.o
#        F:\qpc\examples\arm-cm\blinky_stm32f469i-disco\qv\EWARM\STM32469I_DISCO\Obj\stm32469i_discovery_sdram.o
#        F:\qpc\examples\arm-cm\blinky_stm32f469i-disco\qv\EWARM\STM32469I_DISCO\Obj\stm32469i_discovery_ts.o
#        F:\qpc\examples\arm-cm\blinky_stm32f469i-disco\qv\EWARM\STM32469I_DISCO\Obj\stm32f4xx_hal.o
#        F:\qpc\examples\arm-cm\blinky_stm32f469i-disco\qv\EWARM\STM32469I_DISCO\Obj\stm32f4xx_hal_adc.o
#        F:\qpc\examples\arm-cm\blinky_stm32f469i-disco\qv\EWARM\STM32469I_DISCO\Obj\stm32f4xx_hal_adc_ex.o
#        F:\qpc\examples\arm-cm\blinky_stm32f469i-disco\qv\EWARM\STM32469I_DISCO\Obj\stm32f4xx_hal_can.o
#        F:\qpc\examples\arm-cm\blinky_stm32f469i-disco\qv\EWARM\STM32469I_DISCO\Obj\stm32f4xx_hal_cec.o
#        F:\qpc\examples\arm-cm\blinky_stm32f469i-disco\qv\EWARM\STM32469I_DISCO\Obj\stm32f4xx_hal_cortex.o
#        F:\qpc\examples\arm-cm\blinky_stm32f469i-disco\qv\EWARM\STM32469I_DISCO\Obj\stm32f4xx_hal_crc.o
#        F:\qpc\examples\arm-cm\blinky_stm32f469i-disco\qv\EWARM\STM32469I_DISCO\Obj\stm32f4xx_hal_cryp.o
#        F:\qpc\examples\arm-cm\blinky_stm32f469i-disco\qv\EWARM\STM32469I_DISCO\Obj\stm32f4xx_hal_cryp_ex.o
#        F:\qpc\examples\arm-cm\blinky_stm32f469i-disco\qv\EWARM\STM32469I_DISCO\Obj\stm32f4xx_hal_dac.o
#        F:\qpc\examples\arm-cm\blinky_stm32f469i-disco\qv\EWARM\STM32469I_DISCO\Obj\stm32f4xx_hal_dac_ex.o
#        F:\qpc\examples\arm-cm\blinky_stm32f469i-disco\qv\EWARM\STM32469I_DISCO\Obj\stm32f4xx_hal_dcmi.o
#        F:\qpc\examples\arm-cm\blinky_stm32f469i-disco\qv\EWARM\STM32469I_DISCO\Obj\stm32f4xx_hal_dcmi_ex.o
#        F:\qpc\examples\arm-cm\blinky_stm32f469i-disco\qv\EWARM\STM32469I_DISCO\Obj\stm32f4xx_hal_dma.o
#        F:\qpc\examples\arm-cm\blinky_stm32f469i-disco\qv\EWARM\STM32469I_DISCO\Obj\stm32f4xx_hal_dma2d.o
#        F:\qpc\examples\arm-cm\blinky_stm32f469i-disco\qv\EWARM\STM32469I_DISCO\Obj\stm32f4xx_hal_dma_ex.o
#        F:\qpc\examples\arm-cm\blinky_stm32f469i-disco\qv\EWARM\STM32469I_DISCO\Obj\stm32f4xx_hal_dsi.o
#        F:\qpc\examples\arm-cm\blinky_stm32f469i-disco\qv\EWARM\STM32469I_DISCO\Obj\stm32f4xx_hal_eth.o
#        F:\qpc\examples\arm-cm\blinky_stm32f469i-disco\qv\EWARM\STM32469I_DISCO\Obj\stm32f4xx_hal_flash.o
#        F:\qpc\examples\arm-cm\blinky_stm32f469i-disco\qv\EWARM\STM32469I_DISCO\Obj\stm32f4xx_hal_flash_ex.o
#        F:\qpc\examples\arm-cm\blinky_stm32f469i-disco\qv\EWARM\STM32469I_DISCO\Obj\stm32f4xx_hal_flash_ramfunc.o
#        F:\qpc\examples\arm-cm\blinky_stm32f469i-disco\qv\EWARM\STM32469I_DISCO\Obj\stm32f4xx_hal_fmpi2c.o
#        F:\qpc\examples\arm-cm\blinky_stm32f469i-disco\qv\EWARM\STM32469I_DISCO\Obj\stm32f4xx_hal_fmpi2c_ex.o
#        F:\qpc\examples\arm-cm\blinky_stm32f469i-disco\qv\EWARM\STM32469I_DISCO\Obj\stm32f4xx_hal_gpio.o
#        F:\qpc\examples\arm-cm\blinky_stm32f469i-disco\qv\EWARM\STM32469I_DISCO\Obj\stm32f4xx_hal_hash.o
#        F:\qpc\examples\arm-cm\blinky_stm32f469i-disco\qv\EWARM\STM32469I_DISCO\Obj\stm32f4xx_hal_hash_ex.o
#        F:\qpc\examples\arm-cm\blinky_stm32f469i-disco\qv\EWARM\STM32469I_DISCO\Obj\stm32f4xx_hal_hcd.o
#        F:\qpc\examples\arm-cm\blinky_stm32f469i-disco\qv\EWARM\STM32469I_DISCO\Obj\stm32f4xx_hal_i2c.o
#        F:\qpc\examples\arm-cm\blinky_stm32f469i-disco\qv\EWARM\STM32469I_DISCO\Obj\stm32f4xx_hal_i2c_ex.o
#        F:\qpc\examples\arm-cm\blinky_stm32f469i-disco\qv\EWARM\STM32469I_DISCO\Obj\stm32f4xx_hal_i2s.o
#        F:\qpc\examples\arm-cm\blinky_stm32f469i-disco\qv\EWARM\STM32469I_DISCO\Obj\stm32f4xx_hal_i2s_ex.o
#        F:\qpc\examples\arm-cm\blinky_stm32f469i-disco\qv\EWARM\STM32469I_DISCO\Obj\stm32f4xx_hal_irda.o
#        F:\qpc\examples\arm-cm\blinky_stm32f469i-disco\qv\EWARM\STM32469I_DISCO\Obj\stm32f4xx_hal_iwdg.o
#        F:\qpc\examples\arm-cm\blinky_stm32f469i-disco\qv\EWARM\STM32469I_DISCO\Obj\stm32f4xx_hal_lptim.o
#        F:\qpc\examples\arm-cm\blinky_stm32f469i-disco\qv\EWARM\STM32469I_DISCO\Obj\stm32f4xx_hal_ltdc.o
#        F:\qpc\examples\arm-cm\blinky_stm32f469i-disco\qv\EWARM\STM32469I_DISCO\Obj\stm32f4xx_hal_ltdc_ex.o
#        F:\qpc\examples\arm-cm\blinky_stm32f469i-disco\qv\EWARM\STM32469I_DISCO\Obj\stm32f4xx_hal_msp.o
#        F:\qpc\examples\arm-cm\blinky_stm32f469i-disco\qv\EWARM\STM32469I_DISCO\Obj\stm32f4xx_hal_nand.o
#        F:\qpc\examples\arm-cm\blinky_stm32f469i-disco\qv\EWARM\STM32469I_DISCO\Obj\stm32f4xx_hal_nor.o
#        F:\qpc\examples\arm-cm\blinky_stm32f469i-disco\qv\EWARM\STM32469I_DISCO\Obj\stm32f4xx_hal_pccard.o
#        F:\qpc\examples\arm-cm\blinky_stm32f469i-disco\qv\EWARM\STM32469I_DISCO\Obj\stm32f4xx_hal_pcd.o
#        F:\qpc\examples\arm-cm\blinky_stm32f469i-disco\qv\EWARM\STM32469I_DISCO\Obj\stm32f4xx_hal_pcd_ex.o
#        F:\qpc\examples\arm-cm\blinky_stm32f469i-disco\qv\EWARM\STM32469I_DISCO\Obj\stm32f4xx_hal_pwr.o
#        F:\qpc\examples\arm-cm\blinky_stm32f469i-disco\qv\EWARM\STM32469I_DISCO\Obj\stm32f4xx_hal_pwr_ex.o
#        F:\qpc\examples\arm-cm\blinky_stm32f469i-disco\qv\EWARM\STM32469I_DISCO\Obj\stm32f4xx_hal_qspi.o
#        F:\qpc\examples\arm-cm\blinky_stm32f469i-disco\qv\EWARM\STM32469I_DISCO\Obj\stm32f4xx_hal_rcc.o
#        F:\qpc\examples\arm-cm\blinky_stm32f469i-disco\qv\EWARM\STM32469I_DISCO\Obj\stm32f4xx_hal_rcc_ex.o
#        F:\qpc\examples\arm-cm\blinky_stm32f469i-disco\qv\EWARM\STM32469I_DISCO\Obj\stm32f4xx_hal_rng.o
#        F:\qpc\examples\arm-cm\blinky_stm32f469i-disco\qv\EWARM\STM32469I_DISCO\Obj\stm32f4xx_hal_rtc.o
#        F:\qpc\examples\arm-cm\blinky_stm32f469i-disco\qv\EWARM\STM32469I_DISCO\Obj\stm32f4xx_hal_rtc_ex.o
#        F:\qpc\examples\arm-cm\blinky_stm32f469i-disco\qv\EWARM\STM32469I_DISCO\Obj\stm32f4xx_hal_sai.o
#        F:\qpc\examples\arm-cm\blinky_stm32f469i-disco\qv\EWARM\STM32469I_DISCO\Obj\stm32f4xx_hal_sai_ex.o
#        F:\qpc\examples\arm-cm\blinky_stm32f469i-disco\qv\EWARM\STM32469I_DISCO\Obj\stm32f4xx_hal_sd.o
#        F:\qpc\examples\arm-cm\blinky_stm32f469i-disco\qv\EWARM\STM32469I_DISCO\Obj\stm32f4xx_hal_sdram.o
#        F:\qpc\examples\arm-cm\blinky_stm32f469i-disco\qv\EWARM\STM32469I_DISCO\Obj\stm32f4xx_hal_smartcard.o
#        F:\qpc\examples\arm-cm\blinky_stm32f469i-disco\qv\EWARM\STM32469I_DISCO\Obj\stm32f4xx_hal_spdifrx.o
#        F:\qpc\examples\arm-cm\blinky_stm32f469i-disco\qv\EWARM\STM32469I_DISCO\Obj\stm32f4xx_hal_spi.o
#        F:\qpc\examples\arm-cm\blinky_stm32f469i-disco\qv\EWARM\STM32469I_DISCO\Obj\stm32f4xx_hal_sram.o
#        F:\qpc\examples\arm-cm\blinky_stm32f469i-disco\qv\EWARM\STM32469I_DISCO\Obj\stm32f4xx_hal_tim.o
#        F:\qpc\examples\arm-cm\blinky_stm32f469i-disco\qv\EWARM\STM32469I_DISCO\Obj\stm32f4xx_hal_tim_ex.o
#        F:\qpc\examples\arm-cm\blinky_stm32f469i-disco\qv\EWARM\STM32469I_DISCO\Obj\stm32f4xx_hal_uart.o
#        F:\qpc\examples\arm-cm\blinky_stm32f469i-disco\qv\EWARM\STM32469I_DISCO\Obj\stm32f4xx_hal_usart.o
#        F:\qpc\examples\arm-cm\blinky_stm32f469i-disco\qv\EWARM\STM32469I_DISCO\Obj\stm32f4xx_hal_wwdg.o
#        F:\qpc\examples\arm-cm\blinky_stm32f469i-disco\qv\EWARM\STM32469I_DISCO\Obj\stm32f4xx_it.o
#        F:\qpc\examples\arm-cm\blinky_stm32f469i-disco\qv\EWARM\STM32469I_DISCO\Obj\stm32f4xx_ll_fmc.o
#        F:\qpc\examples\arm-cm\blinky_stm32f469i-disco\qv\EWARM\STM32469I_DISCO\Obj\stm32f4xx_ll_fsmc.o
#        F:\qpc\examples\arm-cm\blinky_stm32f469i-disco\qv\EWARM\STM32469I_DISCO\Obj\stm32f4xx_ll_sdmmc.o
#        F:\qpc\examples\arm-cm\blinky_stm32f469i-disco\qv\EWARM\STM32469I_DISCO\Obj\stm32f4xx_ll_usb.o
#        F:\qpc\examples\arm-cm\blinky_stm32f469i-disco\qv\EWARM\STM32469I_DISCO\Obj\system_stm32f4xx.o
#        --redirect _Printf=_PrintfLargeNoMb --redirect _Scanf=_ScanfSmall -o
#        F:\qpc\examples\arm-cm\blinky_stm32f469i-disco\qv\EWARM\STM32469I_DISCO\Exe\Project.out
#        --map
#        F:\qpc\examples\arm-cm\blinky_stm32f469i-disco\qv\EWARM\STM32469I_DISCO\List\Project.map
#        --config
#        F:\qpc\examples\arm-cm\blinky_stm32f469i-disco\qv\EWARM\stm32f469xx_flash.icf
#        --semihosting --entry __iar_program_start --vfe
#
###############################################################################

*******************************************************************************
*** RUNTIME MODEL ATTRIBUTES
***

CppFlavor       = *
__SystemLibrary = DLib


*******************************************************************************
*** PLACEMENT SUMMARY
***

"A1":  place at 0x08000000 { ro section .intvec };
"P1":  place in [from 0x08000000 to 0x081fffff] { ro };
"P2":  place in [from 0x20000000 to 0x2004ffff] { rw, block CSTACK, block HEAP };

  Section            Kind        Address    Size  Object
  -------            ----        -------    ----  ------
"A1":                                      0x1b4
  .intvec            ro code  0x08000000   0x1b4  startup_stm32f469xx.o [1]
                            - 0x080001b4   0x1b4

"P1":                                     0x193c
  .text              ro code  0x080001b4   0x298  stm32f4xx_hal_rcc_ex.o [1]
  .text              ro code  0x0800044c    0x6c  stm32f4xx_hal.o [1]
  .text              ro code  0x080004b8    0xe0  stm32f4xx_hal_cortex.o [1]
  .text              ro code  0x08000598     0x2  stm32f4xx_hal_msp.o [1]
  .text              ro code  0x0800059c   0x1ac  stm32f4xx_hal_rcc.o [1]
  .text              ro code  0x08000748   0x278  qep_hsm.o [1]
  .text              ro code  0x080009c0   0x150  bsp.o [1]
  .text              ro code  0x08000b10   0x124  qf_time.o [1]
  .text              ro code  0x08000c34    0xdc  stm32469i_discovery.o [1]
  .text              ro code  0x08000d10    0x74  stm32f4xx_hal_pwr_ex.o [1]
  .text              ro code  0x08000d84   0x260  stm32f4xx_hal_tim.o [1]
  .text              ro code  0x08000fe4   0x214  stm32f4xx_hal_gpio.o [1]
  .text              ro code  0x080011f8     0x4  stm32f4xx_hal_tim_ex.o [1]
  .text              ro code  0x080011fc   0x198  qf_actq.o [1]
  .text              ro code  0x08001394    0x60  qf_dyn.o [1]
  .text              ro code  0x080013f4    0x48  qf_mem.o [1]
  .text              ro code  0x0800143c    0xe4  qv.o [1]
  .text              ro code  0x08001520    0x48  qf_act.o [1]
  .text              ro code  0x08001568    0x16  qf_qeq.o [1]
  .text              ro code  0x08001580     0x6  ABImemclr.o [5]
  .text              ro code  0x08001588    0x5e  ABImemset.o [5]
  .rodata            const    0x080015e8    0xcc  qf_act.o [1]
  .text              ro code  0x080016b4    0x94  blinky.o [1]
  .text              ro code  0x08001748    0x30  qf_qact.o [1]
  .text              ro code  0x08001778    0x50  system_stm32f4xx.o [1]
  .text              ro code  0x080017c8    0x40  zero_init3.o [5]
  .text              ro code  0x08001808    0x38  main.o [1]
  .text              ro code  0x08001840    0x2c  copy_init3.o [5]
  .text              ro code  0x0800186c    0x28  data_init.o [5]
  .text              ro code  0x08001894    0x22  fpinit_M.o [4]
  .iar.init_table    const    0x080018b8    0x24  - Linker created -
  .text              ro code  0x080018dc    0x20  stm32f4xx_it.o [1]
  .text              ro code  0x080018fc    0x1a  cmain.o [5]
  .text              ro code  0x08001916     0x4  low_level_init.o [3]
  .text              ro code  0x0800191a     0x4  exit.o [3]
  .text              ro code  0x08001920     0xa  cexit.o [5]
  .text              ro code  0x0800192c    0x14  exit.o [6]
  .text              ro code  0x08001940    0x10  startup_stm32f469xx.o [1]
  .text              ro code  0x08001950     0xc  cstartup_M.o [5]
  .rodata            const    0x0800195c     0x4  blinky.o [1]
  .text              ro code  0x08001960     0x4  startup_stm32f469xx.o [1]
  .text              ro code  0x08001964     0x4  startup_stm32f469xx.o [1]
  .text              ro code  0x08001968     0x4  startup_stm32f469xx.o [1]
  .text              ro code  0x0800196c     0x4  startup_stm32f469xx.o [1]
  .text              ro code  0x08001970     0x4  startup_stm32f469xx.o [1]
  .text              ro code  0x08001974     0x4  startup_stm32f469xx.o [1]
  .text              ro code  0x08001978     0x4  startup_stm32f469xx.o [1]
  .text              ro code  0x0800197c     0x4  startup_stm32f469xx.o [1]
  .text              ro code  0x08001980     0x4  startup_stm32f469xx.o [1]
  .text              ro code  0x08001984     0x4  startup_stm32f469xx.o [1]
  .text              ro code  0x08001988     0x4  startup_stm32f469xx.o [1]
  .text              ro code  0x0800198c     0x4  startup_stm32f469xx.o [1]
  .text              ro code  0x08001990     0x4  startup_stm32f469xx.o [1]
  .text              ro code  0x08001994     0x4  startup_stm32f469xx.o [1]
  .text              ro code  0x08001998     0x4  startup_stm32f469xx.o [1]
  .text              ro code  0x0800199c     0x4  startup_stm32f469xx.o [1]
  .text              ro code  0x080019a0     0x4  startup_stm32f469xx.o [1]
  .text              ro code  0x080019a4     0x4  startup_stm32f469xx.o [1]
  .text              ro code  0x080019a8     0x4  startup_stm32f469xx.o [1]
  .text              ro code  0x080019ac     0x4  startup_stm32f469xx.o [1]
  .text              ro code  0x080019b0     0x4  startup_stm32f469xx.o [1]
  .text              ro code  0x080019b4     0x4  startup_stm32f469xx.o [1]
  .text              ro code  0x080019b8     0x4  startup_stm32f469xx.o [1]
  .text              ro code  0x080019bc     0x4  startup_stm32f469xx.o [1]
  .text              ro code  0x080019c0     0x4  startup_stm32f469xx.o [1]
  .text              ro code  0x080019c4     0x4  startup_stm32f469xx.o [1]
  .text              ro code  0x080019c8     0x4  startup_stm32f469xx.o [1]
  .text              ro code  0x080019cc     0x4  startup_stm32f469xx.o [1]
  .text              ro code  0x080019d0     0x4  startup_stm32f469xx.o [1]
  .text              ro code  0x080019d4     0x4  startup_stm32f469xx.o [1]
  .text              ro code  0x080019d8     0x4  startup_stm32f469xx.o [1]
  .text              ro code  0x080019dc     0x4  startup_stm32f469xx.o [1]
  .text              ro code  0x080019e0     0x4  startup_stm32f469xx.o [1]
  .text              ro code  0x080019e4     0x4  startup_stm32f469xx.o [1]
  .text              ro code  0x080019e8     0x4  startup_stm32f469xx.o [1]
  .text              ro code  0x080019ec     0x4  startup_stm32f469xx.o [1]
  .text              ro code  0x080019f0     0x4  startup_stm32f469xx.o [1]
  .text              ro code  0x080019f4     0x4  startup_stm32f469xx.o [1]
  .text              ro code  0x080019f8     0x4  startup_stm32f469xx.o [1]
  .text              ro code  0x080019fc     0x4  startup_stm32f469xx.o [1]
  .text              ro code  0x08001a00     0x4  startup_stm32f469xx.o [1]
  .text              ro code  0x08001a04     0x4  startup_stm32f469xx.o [1]
  .text              ro code  0x08001a08     0x4  startup_stm32f469xx.o [1]
  .text              ro code  0x08001a0c     0x4  startup_stm32f469xx.o [1]
  .text              ro code  0x08001a10     0x4  startup_stm32f469xx.o [1]
  .text              ro code  0x08001a14     0x4  startup_stm32f469xx.o [1]
  .text              ro code  0x08001a18     0x4  startup_stm32f469xx.o [1]
  .text              ro code  0x08001a1c     0x4  startup_stm32f469xx.o [1]
  .text              ro code  0x08001a20     0x4  startup_stm32f469xx.o [1]
  .text              ro code  0x08001a24     0x4  startup_stm32f469xx.o [1]
  .text              ro code  0x08001a28     0x4  startup_stm32f469xx.o [1]
  .text              ro code  0x08001a2c     0x4  startup_stm32f469xx.o [1]
  .text              ro code  0x08001a30     0x4  startup_stm32f469xx.o [1]
  .text              ro code  0x08001a34     0x4  startup_stm32f469xx.o [1]
  .text              ro code  0x08001a38     0x4  startup_stm32f469xx.o [1]
  .text              ro code  0x08001a3c     0x4  startup_stm32f469xx.o [1]
  .text              ro code  0x08001a40     0x4  startup_stm32f469xx.o [1]
  .text              ro code  0x08001a44     0x4  startup_stm32f469xx.o [1]
  .text              ro code  0x08001a48     0x4  startup_stm32f469xx.o [1]
  .text              ro code  0x08001a4c     0x4  startup_stm32f469xx.o [1]
  .text              ro code  0x08001a50     0x4  startup_stm32f469xx.o [1]
  .text              ro code  0x08001a54     0x4  startup_stm32f469xx.o [1]
  .text              ro code  0x08001a58     0x4  startup_stm32f469xx.o [1]
  .text              ro code  0x08001a5c     0x4  startup_stm32f469xx.o [1]
  .text              ro code  0x08001a60     0x4  startup_stm32f469xx.o [1]
  .text              ro code  0x08001a64     0x4  startup_stm32f469xx.o [1]
  .text              ro code  0x08001a68     0x4  startup_stm32f469xx.o [1]
  .text              ro code  0x08001a6c     0x4  startup_stm32f469xx.o [1]
  .text              ro code  0x08001a70     0x4  startup_stm32f469xx.o [1]
  .text              ro code  0x08001a74     0x4  startup_stm32f469xx.o [1]
  .text              ro code  0x08001a78     0x4  startup_stm32f469xx.o [1]
  .text              ro code  0x08001a7c     0x4  startup_stm32f469xx.o [1]
  .text              ro code  0x08001a80     0x4  startup_stm32f469xx.o [1]
  .text              ro code  0x08001a84     0x4  startup_stm32f469xx.o [1]
  .text              ro code  0x08001a88     0x4  startup_stm32f469xx.o [1]
  .text              ro code  0x08001a8c     0x4  startup_stm32f469xx.o [1]
  .text              ro code  0x08001a90     0x4  startup_stm32f469xx.o [1]
  .text              ro code  0x08001a94     0x4  startup_stm32f469xx.o [1]
  .text              ro code  0x08001a98     0x4  startup_stm32f469xx.o [1]
  .text              ro code  0x08001a9c     0x4  startup_stm32f469xx.o [1]
  .text              ro code  0x08001aa0     0x4  startup_stm32f469xx.o [1]
  .text              ro code  0x08001aa4     0x4  startup_stm32f469xx.o [1]
  .text              ro code  0x08001aa8     0x4  startup_stm32f469xx.o [1]
  .text              ro code  0x08001aac     0x4  startup_stm32f469xx.o [1]
  .text              ro code  0x08001ab0     0x4  startup_stm32f469xx.o [1]
  .text              ro code  0x08001ab4     0x4  startup_stm32f469xx.o [1]
  .text              ro code  0x08001ab8     0x4  startup_stm32f469xx.o [1]
  .text              ro code  0x08001abc     0x4  startup_stm32f469xx.o [1]
  .text              ro code  0x08001ac0     0x4  startup_stm32f469xx.o [1]
  .text              ro code  0x08001ac4     0x4  startup_stm32f469xx.o [1]
  .text              ro code  0x08001ac8     0x4  startup_stm32f469xx.o [1]
  .rodata            const    0x08001acc     0x0  zero_init3.o [5]
  .rodata            const    0x08001acc     0x0  copy_init3.o [5]
  Initializer bytes  const    0x08001acc    0x24  <for P2 s0>
                            - 0x08001af0  0x193c

"P2":                                      0x5d0
  P2 s0                       0x20000000    0x24  <Init block>
    .data            inited   0x20000000    0x20  stm32469i_discovery.o [1]
    .data            inited   0x20000020     0x4  system_stm32f4xx.o [1]
  .bss               zero     0x20000024    0x84  qf_act.o [1]
  .bss               zero     0x200000a8    0x40  qf_dyn.o [1]
  .bss               zero     0x200000e8    0x3c  blinky.o [1]
  .bss               zero     0x20000124    0x3c  bsp.o [1]
  .bss               zero     0x20000160    0x28  main.o [1]
  .bss               zero     0x20000188    0x24  qv.o [1]
  .bss               zero     0x200001ac    0x20  qf_time.o [1]
  .bss               zero     0x200001cc     0x4  stm32f4xx_hal.o [1]
  CSTACK                      0x200001d0   0x400  <Block>
    CSTACK           uninit   0x200001d0   0x400  <Block tail>
                            - 0x200005d0   0x5d0


*******************************************************************************
*** INIT TABLE
***

          Address     Size
          -------     ----
Zero (__iar_zero_init3)
    1 destination range, total size 0x1ac:
          0x20000024  0x1ac

Copy (__iar_copy_init3)
    1 source range, total size 0x24:
          0x08001acc   0x24
    1 destination range, total size 0x24:
          0x20000000   0x24



*******************************************************************************
*** MODULE SUMMARY
***

    Module                  ro code  ro data  rw data
    ------                  -------  -------  -------
F:\qpc\examples\arm-cm\blinky_stm32f469i-disco\qv\EWARM\STM32469I_DISCO\Obj: [1]
    blinky.o                    148        4       60
    bsp.o                       336                60
    main.o                       56                40
    qep_hsm.o                   632
    qf_act.o                     72      204      132
    qf_actq.o                   408
    qf_dyn.o                     96                64
    qf_mem.o                     72
    qf_qact.o                    48
    qf_qeq.o                     22
    qf_time.o                   292                32
    qv.o                        228                36
    startup_stm32f469xx.o       816
    stm32469i_discovery.o       220       32       32
    stm32f4xx_hal.o             108                 4
    stm32f4xx_hal_cortex.o      224
    stm32f4xx_hal_gpio.o        532
    stm32f4xx_hal_msp.o           2
    stm32f4xx_hal_pwr_ex.o      116
    stm32f4xx_hal_rcc.o         428
    stm32f4xx_hal_rcc_ex.o      664
    stm32f4xx_hal_tim.o         608
    stm32f4xx_hal_tim_ex.o        4
    stm32f4xx_it.o               32
    system_stm32f4xx.o           80        4        4
    -------------------------------------------------
    Total:                    6 244      244      464

command line: [2]
    -------------------------------------------------
    Total:

dl7M_tlf.a: [3]
    exit.o                        4
    low_level_init.o              4
    -------------------------------------------------
    Total:                        8

m7M_tls.a: [4]
    fpinit_M.o                   34
    -------------------------------------------------
    Total:                       34

rt7M_tl.a: [5]
    ABImemclr.o                   6
    ABImemset.o                  94
    cexit.o                      10
    cmain.o                      26
    copy_init3.o                 44
    cstartup_M.o                 12
    data_init.o                  40
    zero_init3.o                 64
    -------------------------------------------------
    Total:                      296

shb_l.a: [6]
    exit.o                       20
    -------------------------------------------------
    Total:                       20

    Gaps                         10        4
    Linker created                        36    1 024
-----------------------------------------------------
    Grand Total:              6 612      284    1 488


*******************************************************************************
*** ENTRY LIST
***

Entry                      Address   Size  Type      Object
-----                      -------   ----  ----      ------
.iar.init_table$$Base   0x080018b8          --   Gb  - Linker created -
.iar.init_table$$Limit  0x080018dc          --   Gb  - Linker created -
?main                   0x080018fd         Code  Gb  cmain.o [5]
AO_Blinky               0x0800195c    0x4  Data  Gb  blinky.o [1]
APBAHBPrescTable        0x08000738   0x10  Data  Gb  stm32f4xx_hal_rcc.o [1]
BSP_Init                0x080009cf   0xf6  Code  Gb  bsp.o [1]
BSP_LED_Init            0x08000c35   0x8a  Code  Gb  stm32469i_discovery.o [1]
BSP_LED_Off             0x08000cd3   0x14  Code  Gb  stm32469i_discovery.o [1]
BSP_LED_On              0x08000cbf   0x14  Code  Gb  stm32469i_discovery.o [1]
BSP_LED_Toggle          0x08000cef   0x18  Code  Gb  stm32469i_discovery.o [1]
Blinky_ctor             0x080016b5   0x20  Code  Gb  blinky.o [1]
Blinky_initial          0x080016d5   0x1a  Code  Lc  blinky.o [1]
Blinky_off              0x080016f1   0x20  Code  Lc  blinky.o [1]
Blinky_on               0x08001711   0x1e  Code  Lc  blinky.o [1]
BusFault_Handler        0x080018e3    0x2  Code  Gb  stm32f4xx_it.o [1]
CSTACK$$Base            0x200001d0          --   Gb  - Linker created -
CSTACK$$Limit           0x200005d0          --   Gb  - Linker created -
DebugMon_Handler        0x080018e9    0x2  Code  Gb  stm32f4xx_it.o [1]
GPIO_PIN                0x20000000   0x10  Data  Gb  stm32469i_discovery.o [1]
GPIO_PORT               0x20000010   0x10  Data  Gb  stm32469i_discovery.o [1]
HAL_GPIO_Init           0x08000fe5  0x1ce  Code  Gb  stm32f4xx_hal_gpio.o [1]
HAL_GPIO_TogglePin      0x080011bb    0x8  Code  Gb  stm32f4xx_hal_gpio.o [1]
HAL_GPIO_WritePin       0x080011b3    0x8  Code  Gb  stm32f4xx_hal_gpio.o [1]
HAL_GetTick             0x080004ab    0x6  Code  Wk  stm32f4xx_hal.o [1]
HAL_IncTick             0x080004a1    0xa  Code  Wk  stm32f4xx_hal.o [1]
HAL_Init                0x0800044d   0x30  Code  Gb  stm32f4xx_hal.o [1]
HAL_InitTick            0x0800047d   0x24  Code  Wk  stm32f4xx_hal.o [1]
HAL_MspInit             0x08000599    0x2  Code  Gb  stm32f4xx_hal_msp.o [1]
HAL_NVIC_EnableIRQ      0x08000527    0xc  Code  Gb  stm32f4xx_hal_cortex.o [1]
HAL_NVIC_SetPriority    0x080004ed   0x3a  Code  Gb  stm32f4xx_hal_cortex.o [1]
HAL_NVIC_SetPriorityGrouping
                        0x080004d3   0x1a  Code  Gb  stm32f4xx_hal_cortex.o [1]
HAL_NVIC_SystemReset    0x0800053b   0x1a  Code  Gb  stm32f4xx_hal_cortex.o [1]
HAL_PWREx_EnableOverDrive
                        0x08000d11   0x44  Code  Gb  stm32f4xx_hal_pwr_ex.o [1]
HAL_RCC_ClockConfig     0x0800059d  0x10e  Code  Gb  stm32f4xx_hal_rcc.o [1]
HAL_RCC_GetHCLKFreq     0x080006ff   0x1e  Code  Gb  stm32f4xx_hal_rcc.o [1]
HAL_RCC_GetSysClockFreq
                        0x080006b9   0x46  Code  Wk  stm32f4xx_hal_rcc.o [1]
HAL_RCC_OscConfig       0x080001b5  0x26e  Code  Gb  stm32f4xx_hal_rcc_ex.o [1]
HAL_SYSTICK_Config      0x08000555   0x28  Code  Gb  stm32f4xx_hal_cortex.o [1]
HAL_TIMEx_BreakCallback
                        0x080011fb    0x2  Code  Wk  stm32f4xx_hal_tim_ex.o [1]
HAL_TIMEx_CommutationCallback
                        0x080011f9    0x2  Code  Wk  stm32f4xx_hal_tim_ex.o [1]
HAL_TIM_Base_Init       0x08000d85   0x1a  Code  Gb  stm32f4xx_hal_tim.o [1]
HAL_TIM_Base_MspInit    0x08000d9f    0x2  Code  Wk  stm32f4xx_hal_tim.o [1]
HAL_TIM_Base_Start_IT   0x08000da1   0x16  Code  Gb  stm32f4xx_hal_tim.o [1]
HAL_TIM_IC_CaptureCallback
                        0x08000f1f    0x2  Code  Wk  stm32f4xx_hal_tim.o [1]
HAL_TIM_IRQHandler      0x08000dd3  0x14a  Code  Gb  stm32f4xx_hal_tim.o [1]
HAL_TIM_OC_DelayElapsedCallback
                        0x08000f1d    0x2  Code  Wk  stm32f4xx_hal_tim.o [1]
HAL_TIM_PWM_PulseFinishedCallback
                        0x08000f21    0x2  Code  Wk  stm32f4xx_hal_tim.o [1]
HAL_TIM_PeriodElapsedCallback
                        0x080009c1    0xe  Code  Gb  bsp.o [1]
HAL_TIM_TriggerCallback
                        0x08000f23    0x2  Code  Wk  stm32f4xx_hal_tim.o [1]
HardFault_Handler       0x080018df    0x2  Code  Gb  stm32f4xx_it.o [1]
MemManage_Handler       0x080018e1    0x2  Code  Gb  stm32f4xx_it.o [1]
NMI_Handler             0x080018dd    0x2  Code  Gb  stm32f4xx_it.o [1]
NVIC_SetPriority        0x080004b9   0x1a  Code  Lc  stm32f4xx_hal_cortex.o [1]
PendSV_Handler          0x080018eb    0x2  Code  Gb  stm32f4xx_it.o [1]
QActive_ctor            0x08001749   0x1c  Code  Gb  qf_qact.o [1]
QActive_get_            0x080012f5   0x7e  Code  Gb  qf_actq.o [1]
QActive_postLIFO_       0x08001275   0x5e  Code  Gb  qf_actq.o [1]
QActive_post_           0x080011fd   0x78  Code  Gb  qf_actq.o [1]
QActive_start_          0x080014d9   0x42  Code  Gb  qv.o [1]
QEP_reservedEvt_        0x080009a8   0x10  Data  Lc  qep_hsm.o [1]
QEQueue_init            0x08001569   0x16  Code  Gb  qf_qeq.o [1]
QF_active_              0x20000024   0x84  Data  Gb  qf_act.o [1]
QF_add_                 0x08001521   0x30  Code  Gb  qf_act.o [1]
QF_bzero                0x08001555    0xa  Code  Gb  qf_act.o [1]
QF_div8Lkup             0x08001670   0x44  Data  Gb  qf_act.o [1]
QF_gc                   0x08001395   0x4c  Code  Gb  qf_dyn.o [1]
QF_init                 0x0800143d   0x24  Code  Gb  qv.o [1]
QF_invPwr2Lkup          0x0800162c   0x44  Data  Gb  qf_act.o [1]
QF_maxPool_             0x200000e4    0x4  Data  Gb  qf_dyn.o [1]
QF_onStartup            0x08000ad5   0x28  Code  Gb  bsp.o [1]
QF_pool_                0x200000a8   0x3c  Data  Gb  qf_dyn.o [1]
QF_pwr2Lkup             0x080015e8   0x44  Data  Gb  qf_act.o [1]
QF_run                  0x08001461   0x68  Code  Gb  qv.o [1]
QF_tickX_               0x08000b11   0x8e  Code  Gb  qf_time.o [1]
QF_timeEvtHead_         0x200001ac   0x20  Data  Gb  qf_time.o [1]
QHsm_ctor               0x08000749   0x10  Code  Gb  qep_hsm.o [1]
QHsm_dispatch_          0x080007f1   0xca  Code  Gb  qep_hsm.o [1]
QHsm_init_              0x08000759   0x94  Code  Gb  qep_hsm.o [1]
QHsm_top                0x080007ed    0x4  Code  Gb  qep_hsm.o [1]
QHsm_tran_              0x080008c5   0xcc  Code  Lc  qep_hsm.o [1]
QMPool_put              0x080013f5   0x3e  Code  Gb  qf_mem.o [1]
QTimeEvt_armX           0x08000bcb   0x56  Code  Gb  qf_time.o [1]
QTimeEvt_ctorX          0x08000b9f   0x2c  Code  Gb  qf_time.o [1]
QV_onIdle               0x08000afd   0x10  Code  Gb  bsp.o [1]
QV_readySet_            0x20000188   0x24  Data  Gb  qv.o [1]
Q_onAssert              0x08000b0d    0x4  Code  Gb  bsp.o [1]
Q_this_module_          0x080009a0    0x8  Data  Lc  qep_hsm.o [1]
Q_this_module_          0x08001560    0x8  Data  Lc  qf_act.o [1]
Q_this_module_          0x0800138c    0x8  Data  Lc  qf_actq.o [1]
Q_this_module_          0x080013ec    0x8  Data  Lc  qf_dyn.o [1]
Q_this_module_          0x08001434    0x8  Data  Lc  qf_mem.o [1]
Q_this_module_          0x08000c2c    0x8  Data  Lc  qf_time.o [1]
Q_this_module_          0x0800151c    0x4  Data  Lc  qv.o [1]
Region$$Table$$Base     0x080018b8          --   Gb  - Linker created -
Region$$Table$$Limit    0x080018dc          --   Gb  - Linker created -
SVC_Handler             0x080018e7    0x2  Code  Gb  stm32f4xx_it.o [1]
SysTick_Handler         0x080018ed    0x4  Code  Gb  stm32f4xx_it.o [1]
SystemCoreClock         0x20000020    0x4  Data  Gb  system_stm32f4xx.o [1]
SystemInit              0x08001779   0x3a  Code  Gb  system_stm32f4xx.o [1]
TIM7_IRQHandler         0x080018f1    0x6  Code  Gb  stm32f4xx_it.o [1]
TIM_Base_SetConfig      0x08000f25   0x90  Code  Gb  stm32f4xx_hal_tim.o [1]
UsageFault_Handler      0x080018e5    0x2  Code  Gb  stm32f4xx_it.o [1]
__aeabi_memclr          0x08001581         Code  Gb  ABImemclr.o [5]
__cmain                 0x080018fd         Code  Gb  cmain.o [5]
__exit                  0x0800192d   0x14  Code  Gb  exit.o [6]
__iar_Memset_word       0x08001589         Code  Gb  ABImemset.o [5]
__iar_copy_init3        0x08001841   0x2c  Code  Gb  copy_init3.o [5]
__iar_data_init3        0x0800186d   0x28  Code  Gb  data_init.o [5]
__iar_init_vfp          0x08001895         Code  Gb  fpinit_M.o [4]
__iar_program_start     0x08001951         Code  Gb  cstartup_M.o [5]
__iar_zero_init3        0x080017c9   0x40  Code  Gb  zero_init3.o [5]
__low_level_init        0x08001917    0x4  Code  Gb  low_level_init.o [3]
__vector_table          0x08000000         Data  Gb  startup_stm32f469xx.o [1]
_call_main              0x08001909         Code  Gb  cmain.o [5]
_exit                   0x08001921         Code  Gb  cexit.o [5]
_main                   0x08001913         Code  Gb  cmain.o [5]
exit                    0x0800191b    0x4  Code  Gb  exit.o [3]
htim7                   0x20000124   0x3c  Data  Gb  bsp.o [1]
l_blinky                0x200000e8   0x3c  Data  Lc  blinky.o [1]
main                    0x08001809   0x38  Code  Gb  main.o [1]
uwTick                  0x200001cc    0x4  Data  Gb  stm32f4xx_hal.o [1]


[1] = F:\qpc\examples\arm-cm\blinky_stm32f469i-disco\qv\EWARM\STM32469I_DISCO\Obj
[2] = command line
[3] = dl7M_tlf.a
[4] = m7M_tls.a
[5] = rt7M_tl.a
[6] = shb_l.a

  6 612 bytes of readonly  code memory
    284 bytes of readonly  data memory
  1 488 bytes of readwrite data memory

Errors: none
Warnings: none
